[INFO] Scanning for projects...
[INFO] 
[INFO] --------------------< trung.supper:englishgrammar >---------------------
[INFO] Building englishgrammar 0.0.1-SNAPSHOT
[INFO]   from pom.xml
[INFO] --------------------------------[ jar ]---------------------------------
[INFO] 
[INFO] --- clean:3.4.1:clean (default-clean) @ englishgrammar ---
[INFO] Deleting D:\English\englishgrammar\englishgrammar\target
[INFO] 
[INFO] --- resources:3.3.1:resources (default-resources) @ englishgrammar ---
[INFO] Copying 4 resources from src\main\resources to target\classes
[INFO] Copying 1 resource from src\main\resources to target\classes
[INFO] 
[INFO] --- compiler:3.13.0:compile (default-compile) @ englishgrammar ---
[INFO] Recompiling the module because of changed source code.
[INFO] Compiling 212 source files with javac [debug parameters release 17] to target\classes
[INFO] -------------------------------------------------------------
[WARNING] COMPILATION WARNING : 
[INFO] -------------------------------------------------------------
[WARNING] /D:/English/englishgrammar/englishgrammar/src/main/java/trung/supper/englishgrammar/models/UserLessonProgress.java:[51,28] @Builder will ignore the initializing expression entirely. If you want the initializing expression to serve as default, add @Builder.Default. If it is not supposed to be settable during building, make the field final.
[WARNING] /D:/English/englishgrammar/englishgrammar/src/main/java/trung/supper/englishgrammar/models/UserLessonProgress.java:[54,21] @Builder will ignore the initializing expression entirely. If you want the initializing expression to serve as default, add @Builder.Default. If it is not supposed to be settable during building, make the field final.
[WARNING] /D:/English/englishgrammar/englishgrammar/src/main/java/trung/supper/englishgrammar/models/QuestionOption.java:[40,21] @Builder will ignore the initializing expression entirely. If you want the initializing expression to serve as default, add @Builder.Default. If it is not supposed to be settable during building, make the field final.
[WARNING] /D:/English/englishgrammar/englishgrammar/src/main/java/trung/supper/englishgrammar/models/Lesson.java:[65,21] @Builder will ignore the initializing expression entirely. If you want the initializing expression to serve as default, add @Builder.Default. If it is not supposed to be settable during building, make the field final.
[WARNING] /D:/English/englishgrammar/englishgrammar/src/main/java/trung/supper/englishgrammar/models/Lesson.java:[68,21] @Builder will ignore the initializing expression entirely. If you want the initializing expression to serve as default, add @Builder.Default. If it is not supposed to be settable during building, make the field final.
[WARNING] /D:/English/englishgrammar/englishgrammar/src/main/java/trung/supper/englishgrammar/models/Topic.java:[62,19] @Builder will ignore the initializing expression entirely. If you want the initializing expression to serve as default, add @Builder.Default. If it is not supposed to be settable during building, make the field final.
[WARNING] /D:/English/englishgrammar/englishgrammar/src/main/java/trung/supper/englishgrammar/models/Topic.java:[65,21] @Builder will ignore the initializing expression entirely. If you want the initializing expression to serve as default, add @Builder.Default. If it is not supposed to be settable during building, make the field final.
[WARNING] /D:/English/englishgrammar/englishgrammar/src/main/java/trung/supper/englishgrammar/models/UserStreak.java:[37,21] @Builder will ignore the initializing expression entirely. If you want the initializing expression to serve as default, add @Builder.Default. If it is not supposed to be settable during building, make the field final.
[WARNING] /D:/English/englishgrammar/englishgrammar/src/main/java/trung/supper/englishgrammar/models/UserStreak.java:[40,21] @Builder will ignore the initializing expression entirely. If you want the initializing expression to serve as default, add @Builder.Default. If it is not supposed to be settable during building, make the field final.
[WARNING] /D:/English/englishgrammar/englishgrammar/src/main/java/trung/supper/englishgrammar/models/Question.java:[57,21] @Builder will ignore the initializing expression entirely. If you want the initializing expression to serve as default, add @Builder.Default. If it is not supposed to be settable during building, make the field final.
[WARNING] /D:/English/englishgrammar/englishgrammar/src/main/java/trung/supper/englishgrammar/models/User.java:[48,18] @Builder will ignore the initializing expression entirely. If you want the initializing expression to serve as default, add @Builder.Default. If it is not supposed to be settable during building, make the field final.
[WARNING] /D:/English/englishgrammar/englishgrammar/src/main/java/trung/supper/englishgrammar/models/User.java:[52,28] @Builder will ignore the initializing expression entirely. If you want the initializing expression to serve as default, add @Builder.Default. If it is not supposed to be settable during building, make the field final.
[WARNING] /D:/English/englishgrammar/englishgrammar/src/main/java/trung/supper/englishgrammar/models/User.java:[58,21] @Builder will ignore the initializing expression entirely. If you want the initializing expression to serve as default, add @Builder.Default. If it is not supposed to be settable during building, make the field final.
[WARNING] /D:/English/englishgrammar/englishgrammar/src/main/java/trung/supper/englishgrammar/models/UserFlashcardSrs.java:[47,21] @Builder will ignore the initializing expression entirely. If you want the initializing expression to serve as default, add @Builder.Default. If it is not supposed to be settable during building, make the field final.
[WARNING] /D:/English/englishgrammar/englishgrammar/src/main/java/trung/supper/englishgrammar/models/UserFlashcardSrs.java:[50,21] @Builder will ignore the initializing expression entirely. If you want the initializing expression to serve as default, add @Builder.Default. If it is not supposed to be settable during building, make the field final.
[WARNING] /D:/English/englishgrammar/englishgrammar/src/main/java/trung/supper/englishgrammar/models/UserFlashcardSrs.java:[53,20] @Builder will ignore the initializing expression entirely. If you want the initializing expression to serve as default, add @Builder.Default. If it is not supposed to be settable during building, make the field final.
[WARNING] /D:/English/englishgrammar/englishgrammar/src/main/java/trung/supper/englishgrammar/models/UserFlashcardSrs.java:[62,21] @Builder will ignore the initializing expression entirely. If you want the initializing expression to serve as default, add @Builder.Default. If it is not supposed to be settable during building, make the field final.
[WARNING] /D:/English/englishgrammar/englishgrammar/src/main/java/trung/supper/englishgrammar/models/FlashcardDeck.java:[49,21] @Builder will ignore the initializing expression entirely. If you want the initializing expression to serve as default, add @Builder.Default. If it is not supposed to be settable during building, make the field final.
[WARNING] /D:/English/englishgrammar/englishgrammar/src/main/java/trung/supper/englishgrammar/mapper/AuthMapper.java:[15,10] Unmapped target properties: "id, avatarUrl, membershipExpiresAt, createdAt, updatedAt, streak".
[WARNING] /D:/English/englishgrammar/englishgrammar/src/main/java/trung/supper/englishgrammar/mapper/UserMapper.java:[21,10] Unmapped target properties: "id, email, passwordHash, role, membershipType, membershipExpiresAt, isActive, createdAt, updatedAt, streak".
[INFO] 20 warnings 
[INFO] -------------------------------------------------------------
[INFO] -------------------------------------------------------------
[ERROR] COMPILATION ERROR : 
[INFO] -------------------------------------------------------------
[ERROR] /D:/English/englishgrammar/englishgrammar/src/main/java/trung/supper/englishgrammar/services/impl/LessonServiceImpl.java:[41,32] cannot find symbol
  symbol:   method findByTopic_SlugOrderByOrderIndexAsc(java.lang.String)
  location: variable lessonRepository of type trung.supper.englishgrammar.repositorys.ILessonRepository
[ERROR] /D:/English/englishgrammar/englishgrammar/src/main/java/trung/supper/englishgrammar/services/impl/LessonServiceImpl.java:[49,41] cannot find symbol
  symbol:   method findBySlug(java.lang.String)
  location: variable lessonRepository of type trung.supper.englishgrammar.repositorys.ILessonRepository
[ERROR] /D:/English/englishgrammar/englishgrammar/src/main/java/trung/supper/englishgrammar/services/impl/LessonServiceImpl.java:[150,47] cannot find symbol
  symbol:   method findBySlug(java.lang.String)
  location: variable lessonRepository of type trung.supper.englishgrammar.repositorys.ILessonRepository
[INFO] 3 errors 
[INFO] -------------------------------------------------------------
[INFO] ------------------------------------------------------------------------
[INFO] BUILD FAILURE
[INFO] ------------------------------------------------------------------------
[INFO] Total time:  11.318 s
[INFO] Finished at: 2026-03-28T22:40:21+07:00
[INFO] ------------------------------------------------------------------------
[ERROR] Failed to execute goal org.apache.maven.plugins:maven-compiler-plugin:3.13.0:compile (default-compile) on project englishgrammar: Compilation failure: Compilation failure: 
[ERROR] /D:/English/englishgrammar/englishgrammar/src/main/java/trung/supper/englishgrammar/services/impl/LessonServiceImpl.java:[41,32] cannot find symbol
[ERROR]   symbol:   method findByTopic_SlugOrderByOrderIndexAsc(java.lang.String)
[ERROR]   location: variable lessonRepository of type trung.supper.englishgrammar.repositorys.ILessonRepository
[ERROR] /D:/English/englishgrammar/englishgrammar/src/main/java/trung/supper/englishgrammar/services/impl/LessonServiceImpl.java:[49,41] cannot find symbol
[ERROR]   symbol:   method findBySlug(java.lang.String)
[ERROR]   location: variable lessonRepository of type trung.supper.englishgrammar.repositorys.ILessonRepository
[ERROR] /D:/English/englishgrammar/englishgrammar/src/main/java/trung/supper/englishgrammar/services/impl/LessonServiceImpl.java:[150,47] cannot find symbol
[ERROR]   symbol:   method findBySlug(java.lang.String)
[ERROR]   location: variable lessonRepository of type trung.supper.englishgrammar.repositorys.ILessonRepository
[ERROR] -> [Help 1]
[ERROR] 
[ERROR] To see the full stack trace of the errors, re-run Maven with the -e switch.
[ERROR] Re-run Maven using the -X switch to enable full debug logging.
[ERROR] 
[ERROR] For more information about the errors and possible solutions, please read the following articles:
[ERROR] [Help 1] http://cwiki.apache.org/confluence/display/MAVEN/MojoFailureException
